---
source: src/lib.rs
expression: data
snapshot_kind: text
---
0,1,2,3,4,5,6,7
1,0,2,3,4,5,6,7
2,1,0,3,4,5,6,7
3,1,2,0,4,5,6,7
0,2,1,3,4,5,6,7
1,2,0,3,4,5,6,7
2,0,1,3,4,5,6,7
3,2,1,0,4,5,6,7
0,3,2,1,4,5,6,7
1,3,2,0,4,5,6,7
2,3,0,1,4,5,6,7
3,0,2,1,4,5,6,7
0,1,3,2,4,5,6,7
1,0,3,2,4,5,6,7
2,1,3,0,4,5,6,7
3,1,0,2,4,5,6,7
0,2,3,1,4,5,6,7
1,2,3,0,4,5,6,7
2,0,3,1,4,5,6,7
3,2,0,1,4,5,6,7
0,3,1,2,4,5,6,7
1,3,0,2,4,5,6,7
2,3,1,0,4,5,6,7
3,0,1,2,4,5,6,7
